'Fourier.Ahat_zero' depends on axioms: [propext, Classical.choice, Quot.sound]
'Fourier.Ahat_tpose' depends on axioms: [propext, Classical.choice, Quot.sound]
'Fourier.Ahat_compl' depends on axioms: [propext, Classical.choice, Quot.sound]
'Fourier.autocorr_eq_invDFT' depends on axioms: [propext, Classical.choice, Quot.sound]
'Fourier.IVraw_eq_invDFT_power' depends on axioms: [propext, Classical.choice, Quot.sound]
'Fourier.commonTones_eq_autocorr' depends on axioms: [propext, Classical.choice, Quot.sound]
'Fourier.commonTones_eq_invDFT' depends on axioms: [propext, Classical.choice, Quot.sound]
'Fourier.commonTones_zero' depends on axioms: [propext, Quot.sound]
'Fourier.autocorr_neg' depends on axioms: [propext, Classical.choice, Quot.sound]
'Fourier.IVraw_eq_two_commonTones' depends on axioms: [propext, Classical.choice, Quot.sound]
'Fourier.IVraw_tritone' depends on axioms: [propext, Classical.choice, Quot.sound]
'Fourier.Ahat_neg' depends on axioms: [propext, Classical.choice, Quot.sound]
'Fourier.powerSpec_neg' depends on axioms: [propext, Classical.choice, Quot.sound]
'Fourier.IVraw_eq_powerSpec_conjPair' depends on axioms: [propext, Classical.choice, Quot.sound]
'Fourier.IVraw_list_eq_commonTones' depends on axioms: [propext, Classical.choice, Quot.sound]
'Fourier.IsDeep_iff_commonTones_nodup' depends on axioms: [propext, Classical.choice, Quot.sound]
'Fourier.diatonic_isDeep' depends on axioms: [propext, Quot.sound]
'Fourier.augmented_not_isDeep' depends on axioms: [propext, Quot.sound]
'Fourier.homometric_iff_powerSpec_eq' depends on axioms: [propext, Classical.choice, Quot.sound]
'Fourier.homometric_iff_normSq_dft_eq' depends on axioms: [propext, Classical.choice, Quot.sound]
'Fourier.allIntervalTetrachords_homometric' depends on axioms: [propext, Classical.choice, Quot.sound]
'Fourier.ind_injective' depends on axioms: [propext, Classical.choice, Quot.sound]
'Fourier.Ahat_injective' depends on axioms: [propext, Classical.choice, Quot.sound]
'Fourier.Ahat_eq_iff' depends on axioms: [propext, Classical.choice, Quot.sound]
'Fourier.commonTonesInv_eq_sumcorr' depends on axioms: [propext, Classical.choice, Quot.sound]
'Fourier.sumcorr_eq_invDFT' depends on axioms: [propext, Classical.choice, Quot.sound]
'Fourier.commonTonesInv_eq_invDFT' depends on axioms: [propext, Classical.choice, Quot.sound]
'Fourier.sqSpec_eq_sq' depends on axioms: [propext, Classical.choice, Quot.sound]
'Fourier.sumVector_distinguishes_homometric' depends on axioms: [propext, Quot.sound]
'Fourier.rop_iff_commonTones_zero' depends on axioms: [propext, Classical.choice, Quot.sound]
'Fourier.rop_iff_autocorr_zero' depends on axioms: [propext, Classical.choice, Quot.sound]
'Fourier.rop_iff_IVraw_tritone_zero' depends on axioms: [propext, Classical.choice, Quot.sound]
'Fourier.rop_card_le' depends on axioms: [propext, Classical.choice, Quot.sound]
'Fourier.hexachord_abs_eq' depends on axioms: [propext, Classical.choice, Quot.sound]
'Fourier.hexachord_powerSpec_eq' depends on axioms: [propext, Classical.choice, Quot.sound]
'Fourier.hexachord_powerSpec_eq_all' depends on axioms: [propext, Classical.choice, Quot.sound]
'Fourier.hexachord_IVraw_eq' depends on axioms: [propext, Classical.choice, Quot.sound]
'Fourier.hexachord_IVraw_eq_nat' depends on axioms: [propext, Classical.choice, Quot.sound]
'Fourier.Ahat_inv' depends on axioms: [propext, Classical.choice, Quot.sound]
'Fourier.tpose_iff_Ahat_ramp' depends on axioms: [propext, Classical.choice, Quot.sound]
'Fourier.inv_iff_Ahat_conj_ramp' depends on axioms: [propext, Classical.choice, Quot.sound]
'Fourier.setClass_iff_Ahat_mod_phase' depends on axioms: [propext, Classical.choice, Quot.sound]
'Fourier.triple_tpose_invariant' depends on axioms: [propext, Classical.choice, Quot.sound]
'Fourier.carterPair_triple_distinct' depends on axioms: [propext, Quot.sound]
'Fourier.triple_not_inversionInvariant' depends on axioms: [propext, Quot.sound]
'Fourier.sum_sumcorr_eq' depends on axioms: [propext, Classical.choice, Quot.sound]
'Fourier.sum_autocorr_eq' depends on axioms: [propext, Classical.choice, Quot.sound]
'Fourier.sum_evenSet_sumcorr_eq_autocorr' depends on axioms: [propext, Classical.choice, Quot.sound]
'Fourier.sum_oddSet_sumcorr_eq_autocorr' depends on axioms: [propext, Classical.choice, Quot.sound]
'Fourier.autocorr_zero' depends on axioms: [propext, Classical.choice, Quot.sound]
'Fourier.sumcorr_odd_marginal' depends on axioms: [propext, Classical.choice, Quot.sound]
'Fourier.sumcorr_even_marginal' depends on axioms: [propext, Classical.choice, Quot.sound]
'Fourier.stdAddChar_six' depends on axioms: [propext, Classical.choice, Quot.sound]
'Fourier.Ahat_six_real' depends on axioms: [propext, Classical.choice, Quot.sound]
'Fourier.powerSpec_eq_dft_autocorr' depends on axioms: [propext, Classical.choice, Quot.sound]
'Fourier.powerSpec_zero_eq_sum_autocorr' depends on axioms: [propext, Classical.choice, Quot.sound]
'Fourier.powerSpec_six_eq_signed_autocorr' depends on axioms: [propext, Classical.choice, Quot.sound]
'Fourier.sumcorr_even_marginal_phaseblind' depends on axioms: [propext, Classical.choice, Quot.sound]
'Fourier.sumcorr_odd_marginal_phaseblind' depends on axioms: [propext, Classical.choice, Quot.sound]
'Fourier.carterPair_sumcorr_differs' depends on axioms: [propext, Quot.sound]
'Fourier.carterPair_even_marginal_agree' depends on axioms: [propext, Quot.sound]
'Fourier.carterPair_odd_marginal_agree' depends on axioms: [propext, Quot.sound]
