'InversionDFT.inv_dftChar' depends on axioms: [propext, Classical.choice, Quot.sound]
'InversionDFT.transl_dftChar' depends on axioms: [propext, Classical.choice, Quot.sound]
'InversionDFT.dftChar_mem_block' depends on axioms: [propext, Classical.choice, Quot.sound]
'InversionDFT.dftChar_neg_mem_block' depends on axioms: [propext, Classical.choice, Quot.sound]
'InversionDFT.inv_mem_block' depends on axioms: [propext, Classical.choice, Quot.sound]
'InversionDFT.transl_mem_block' depends on axioms: [propext, Classical.choice, Quot.sound]
'InversionDFT.block_dihedral_invariant' depends on axioms: [propext, Classical.choice, Quot.sound]
'InversionDFT.selfPaired_eq' depends on axioms: [propext, Classical.choice, Quot.sound]
'InversionDFT.dftChar_apart' depends on axioms: [propext, Classical.choice, Quot.sound]
'InversionDFT.not_selfPaired' depends on axioms: [propext, Classical.choice, Quot.sound]
'InversionDFT.transl_add' depends on axioms: [propext, Classical.choice, Quot.sound]
'InversionDFT.transl_smul' depends on axioms: [propext, Classical.choice, Quot.sound]
'InversionDFT.inv_add' depends on axioms: [propext, Classical.choice, Quot.sound]
'InversionDFT.inv_smul' depends on axioms: [propext, Classical.choice, Quot.sound]
'InversionDFT.dftChar_zero' depends on axioms: [propext, Classical.choice, Quot.sound]
'InversionDFT.dftChar_one' depends on axioms: [propext, Classical.choice, Quot.sound]
'InversionDFT.dftChar_pair_indep' depends on axioms: [propext, Classical.choice, Quot.sound]
'InversionDFT.eigen_sep' depends on axioms: [propext, Classical.choice, Quot.sound]
'InversionDFT.block_irreducible' depends on axioms: [propext, Classical.choice, Quot.sound]
'InversionDFT.selfPaired_iff' depends on axioms: [propext, Classical.choice, Quot.sound]
'InversionDFT.selfPaired_odd' depends on axioms: [propext, Classical.choice, Quot.sound]
'InversionDFT.selfPaired_even' depends on axioms: [propext, Classical.choice, Quot.sound]
'InversionDFT.tritone_selfPaired' depends on axioms: [propext, Classical.choice, Quot.sound]
'InversionDFT.selfPaired_ncard_odd' depends on axioms: [propext, Classical.choice, Quot.sound]
'InversionDFT.selfPaired_ncard_even' depends on axioms: [propext, Classical.choice, Quot.sound]
'InversionDFT.conjPair_neg' depends on axioms: [propext, Quot.sound]
'InversionDFT.block_eq_span_conjPair' depends on axioms: [propext, Classical.choice, Quot.sound]
'InversionDFT.conjPair_ncard_of_selfPaired' depends on axioms: [propext, Classical.choice, Quot.sound]
'InversionDFT.conjPair_ncard_of_not' depends on axioms: [propext, Classical.choice, Quot.sound]
'InversionDFT.conjPair_tritone_ncard' depends on axioms: [propext, Classical.choice, Quot.sound]
