'TonnetzSpectrum.neighbour_symm' depends on axioms: [propext, Classical.choice, Quot.sound]
'TonnetzSpectrum.adj_symm' depends on axioms: [propext, Classical.choice, Quot.sound]
'TonnetzSpectrum.A_symm' depends on axioms: [propext, Classical.choice, Quot.sound]
'TonnetzSpectrum.neighbours_distinct' depends on axioms: [propext, Classical.choice, Quot.sound]
'TonnetzSpectrum.nbhd_card' depends on axioms: [propext, Classical.choice, Quot.sound]
'TonnetzSpectrum.A_mulVec_ones' depends on axioms: [propext, Classical.choice, Quot.sound]
'TonnetzSpectrum.neighbours_flip' depends on axioms: [propext, Classical.choice, Quot.sound]
'TonnetzSpectrum.A_mulVec_sign' depends on axioms: [propext, Classical.choice, Quot.sound]
'TonnetzSpectrum.A_bipartite' depends on axioms: [propext, Classical.choice, Quot.sound]
'TonnetzSpectrum.bipartite_neg_eigen' depends on axioms: [propext, Classical.choice, Quot.sound]
'TonnetzSpectrum.A_mulVec_golden' depends on axioms: [propext, Classical.choice, Quot.sound]
'TonnetzSpectrum.A_mulVec_uG' depends on axioms: [propext, Classical.choice, Quot.sound]
'TonnetzSpectrum.A_mulVec_j4' depends on axioms: [propext, Classical.choice, Quot.sound]
'TonnetzSpectrum.A_mulVec_j2' depends on axioms: [propext, Classical.choice, Quot.sound]
'TonnetzSpectrum.A_mulVec_j1' depends on axioms: [propext, Classical.choice, Quot.sound]
'TonnetzSpectrum.A_mulVec_j5' depends on axioms: [propext, Classical.choice, Quot.sound]
'TonnetzSpectrum.A_mulVec_neg3' depends on axioms: [propext, Classical.choice, Quot.sound]
'TonnetzSpectrum.A_mulVec_negGolden' depends on axioms: [propext, Classical.choice, Quot.sound]
'TonnetzSpectrum.A_mulVec_negJ4' depends on axioms: [propext, Classical.choice, Quot.sound]
'TonnetzSpectrum.A_mulVec_negJ2' depends on axioms: [propext, Classical.choice, Quot.sound]
'TonnetzSpectrum.A_mulVec_negJ1' depends on axioms: [propext, Classical.choice, Quot.sound]
'TonnetzSpectrum.A_mulVec_negJ5' depends on axioms: [propext, Classical.choice, Quot.sound]
'TonnetzSpectrum.golden_lt_ramanujan_bound' depends on axioms: [propext, Classical.choice, Quot.sound]
